{
    "admin_lines": [
        {
            "name": "Test1"
        },
        {
            "name": "Test2"
        }
    ],
    "enums": [
        {
            "name": "EnumFieldEnum",
            "values": [
                {
                    "name": "val0",
                    "value": "0"
                },
                {
                    "name": "val1",
                    "value": "1"
                }
            ]
        }
    ],
    "footer": [
        {
            "line": "if __name__ == '__main__':"
        },
        {
            "line": "    app.run()"
        }
    ],
    "header": [
        {
            "line": "#!/usr/bin/python3"
        },
        {
            "line": ""
        },
        {
            "line": "from flask import Flask"
        },
        {
            "line": "from flask_admin import Admin"
        },
        {
            "line": "from flask_admin.contrib.sqla import ModelView"
        },
        {
            "line": "from flask_sqlalchemy import SQLAlchemy"
        },
        {
            "line": "import enum"
        },
        {
            "line": "from datetime import datetime"
        },
        {
            "line": ""
        },
        {
            "line": "app = Flask(__name__)"
        },
        {
            "line": ""
        },
        {
            "line": "app.config['FLASK_ADMIN_SWATCH'] = 'cerulean'"
        },
        {
            "line": "app.config['SQLALCHEMY_DATABASE_URI'] = 'sqlite:////tmp/json_schema_to_sqlalchemy_flask_test.db'"
        },
        {
            "line": "app.config['TESTING'] = True"
        },
        {
            "line": "app.config['SECRET_KEY'] = '0123456789'"
        },
        {
            "line": "app.config['SQLALCHEMY_TRACK_MODIFICATIONS'] = False"
        },
        {
            "line": ""
        },
        {
            "line": "db = SQLAlchemy(app)"
        }
    ],
    "middle": [
        {
            "line": "admin = Admin(app, name='test', template_mode='bootstrap3')"
        }
    ],
    "models": [
        {
            "columns": [
                {
                    "is_not_nullable": true,
                    "is_pk": true,
                    "name": "str_field_fixed_length_as_pk",
                    "type": "String(128)"
                },
                {
                    "is_not_nullable": true,
                    "name": "txt_field",
                    "type": "Text"
                },
                {
                    "default": {
                        "value": "datetime.utcnow"
                    },
                    "is_not_nullable": true,
                    "name": "date_field_now",
                    "type": "DateTime"
                },
                {
                    "name": "int_field",
                    "type": "Integer"
                },
                {
                    "is_not_nullable": true,
                    "name": "bool_field",
                    "type": "Boolean"
                },
                {
                    "is_not_nullable": true,
                    "name": "float_field",
                    "type": "Float"
                },
                {
                    "is_not_nullable": true,
                    "name": "enum_field",
                    "type": "Enum(EnumFieldEnum)"
                }
            ],
            "foreign_columns": [
                {
                    "backref": {
                        "small_own_names": "tests1"
                    },
                    "column_name": "test2_name",
                    "foreign_key": "name",
                    "foreign_name": "Test2",
                    "is_not_nullable": true,
                    "lazy": true,
                    "small_foreign_name": "test2",
                    "type": "Integer"
                }
            ],
            "name": "Test1",
            "repr": {
                "has_format": {
                    "format_lst": [
                        {
                            "first": true,
                            "value": "self.str_field_fixed_length_as_pk"
                        }
                    ]
                },
                "str": "Test1 {}"
            }
        },
        {
            "columns": [
                {
                    "is_pk": true,
                    "is_not_nullable": true,
                    "name": "name",
                    "type": "String(256)"
                }
            ],
            "foreign_columns": [],
            "name": "Test2",
            "repr": {
                "has_format": {
                    "format_lst": [
                        {
                            "first": true,
                            "value": "self.name"
                        }
                    ]
                },
                "str": "Test2 {}"
            }
        }
    ]
}

